
Running 1 test using 1 worker

[tutorial] navigated url=http://localhost:5173/play/dicethrone/tutorial
[tutorial] navigated url=http://localhost:5173/play/dicethrone/tutorial
[tutorial] consoleWarn=[TutorialSystem] setup called - initializing DEFAULT_TUTORIAL_STATE
[tutorial] consoleWarn=[TutorialSystem] setup called - initializing DEFAULT_TUTORIAL_STATE
[tutorial] consoleWarn=[TutorialSystem] afterEvents called: {active: true, stepId: setup, advanceOnEvents: Array(4), eventTypes: Array(1)}
[tutorial] consoleWarn=[TutorialSystem] shouldAdvance returned false
[tutorial] consoleWarn=[DiceThroneBoard] Tutorial state: {stepId: undefined, isActive: false, currentPhase: setup}
[tutorial] consoleWarn=[MatchRoom] startTutorial triggered isActive=false tutorialStarted=false
[tutorial] consoleWarn=[DiceThroneBoard] Tutorial state: {stepId: undefined, isActive: false, currentPhase: setup}
[tutorial] consoleWarn=[MatchRoom] startTutorial triggered isActive=false tutorialStarted=false
[tutorial] consoleWarn=[TutorialSystem] setup called - initializing DEFAULT_TUTORIAL_STATE
[tutorial] consoleWarn=[TutorialSystem] setup called - initializing DEFAULT_TUTORIAL_STATE
[tutorial] consoleWarn=[TutorialSystem] afterEvents called: {active: true, stepId: setup, advanceOnEvents: Array(4), eventTypes: Array(1)}
[tutorial] consoleWarn=[TutorialSystem] shouldAdvance returned false
[tutorial] consoleWarn=[DiceThroneBoard] Tutorial state: {stepId: undefined, isActive: false, currentPhase: setup}
[tutorial] consoleWarn=[DiceThroneBoard] Tutorial state: {stepId: undefined, isActive: false, currentPhase: setup}
[tutorial] consoleWarn=[useTutorialBridge] tutorial state changed from stepIndex=0 stepId= to stepIndex=0 stepId=setup
[tutorial] consoleWarn=[useTutorialBridge] tutorial active changed from false to true
[tutorial] consoleWarn=[DiceThroneBoard] Tutorial state: {stepId: setup, isActive: true, currentPhase: setup}
[tutorial] consoleWarn=[TutorialSystem] afterEvents called: {active: true, stepId: setup, advanceOnEvents: Proxy(Array), eventTypes: Array(1)}
[tutorial] consoleWarn=[TutorialSystem] shouldAdvance returned false
[tutorial] consoleWarn=[TutorialSystem] afterEvents called: {active: true, stepId: setup, advanceOnEvents: Proxy(Array), eventTypes: Array(1)}
[tutorial] consoleWarn=[TutorialSystem] advancing step
[tutorial] consoleWarn=[TutorialSystem] afterEvents called: {active: true, stepId: intro, advanceOnEvents: undefined, eventTypes: Array(1)}
[tutorial] consoleWarn=[TutorialSystem] shouldAdvance returned false
[tutorial] consoleWarn=[useTutorialBridge] tutorial state changed from stepIndex=0 stepId=setup to stepIndex=1 stepId=intro
[tutorial] consoleWarn=[DiceThroneBoard] Tutorial state: {stepId: setup, isActive: true, currentPhase: upkeep}
[tutorial] consoleWarn=[DiceThroneBoard] Tutorial state: {stepId: intro, isActive: true, currentPhase: upkeep}
[tutorial] start step=intro
[tutorial] consoleWarn=[TutorialSystem] afterEvents called: {active: true, stepId: stats, advanceOnEvents: undefined, eventTypes: Array(1)}
[tutorial] consoleWarn=[TutorialSystem] shouldAdvance returned false
[tutorial] consoleWarn=[useTutorialBridge] tutorial state changed from stepIndex=1 stepId=intro to stepIndex=2 stepId=stats
[tutorial] consoleWarn=[DiceThroneBoard] Tutorial state: {stepId: stats, isActive: true, currentPhase: upkeep}
[tutorial] next intro -> stats
[tutorial] consoleWarn=[TutorialSystem] afterEvents called: {active: true, stepId: phases, advanceOnEvents: undefined, eventTypes: Array(1)}
[tutorial] consoleWarn=[TutorialSystem] shouldAdvance returned false
[tutorial] consoleWarn=[useTutorialBridge] tutorial state changed from stepIndex=2 stepId=stats to stepIndex=3 stepId=phases
[tutorial] consoleWarn=[DiceThroneBoard] Tutorial state: {stepId: phases, isActive: true, currentPhase: upkeep}
[tutorial] next stats -> phases
[tutorial] consoleWarn=[TutorialSystem] afterEvents called: {active: true, stepId: player-board, advanceOnEvents: undefined, eventTypes: Array(1)}
[tutorial] consoleWarn=[TutorialSystem] shouldAdvance returned false
[tutorial] consoleWarn=[useTutorialBridge] tutorial state changed from stepIndex=3 stepId=phases to stepIndex=4 stepId=player
[tutorial] consoleWarn=[DiceThroneBoard] Tutorial state: {stepId: player-board, isActive: true, currentPhase: upkeep}
[tutorial] next phases -> player-board
[tutorial] consoleWarn=[TutorialSystem] afterEvents called: {active: true, stepId: tip-board, advanceOnEvents: undefined, eventTypes: Array(1)}
[tutorial] consoleWarn=[TutorialSystem] shouldAdvance returned false
[tutorial] consoleWarn=[useTutorialBridge] tutorial state changed from stepIndex=4 stepId=player to stepIndex=5 stepId=tip
[tutorial] consoleWarn=[DiceThroneBoard] Tutorial state: {stepId: tip-board, isActive: true, currentPhase: upkeep}
[tutorial] next player-board -> tip-board
[tutorial] consoleWarn=[TutorialSystem] afterEvents called: {active: true, stepId: hand, advanceOnEvents: undefined, eventTypes: Array(1)}
[tutorial] consoleWarn=[TutorialSystem] shouldAdvance returned false
[tutorial] consoleWarn=[useTutorialBridge] tutorial state changed from stepIndex=5 stepId=tip to stepIndex=6 stepId=hand
[tutorial] consoleWarn=[DiceThroneBoard] Tutorial state: {stepId: hand, isActive: true, currentPhase: upkeep}
[tutorial] next tip-board -> hand
[tutorial] consoleWarn=[TutorialSystem] afterEvents called: {active: true, stepId: discard, advanceOnEvents: undefined, eventTypes: Array(1)}
[tutorial] consoleWarn=[TutorialSystem] shouldAdvance returned false
[tutorial] consoleWarn=[useTutorialBridge] tutorial state changed from stepIndex=6 stepId=hand to stepIndex=7 stepId=discard
[tutorial] consoleWarn=[DiceThroneBoard] Tutorial state: {stepId: discard, isActive: true, currentPhase: upkeep}
[tutorial] next hand -> discard
[tutorial] consoleWarn=[TutorialSystem] afterEvents called: {active: true, stepId: status-tokens, advanceOnEvents: undefined, eventTypes: Array(1)}
[tutorial] consoleWarn=[TutorialSystem] shouldAdvance returned false
[tutorial] consoleWarn=[useTutorialBridge] tutorial state changed from stepIndex=7 stepId=discard to stepIndex=8 stepId=status
[tutorial] consoleWarn=[DiceThroneBoard] Tutorial state: {stepId: status-tokens, isActive: true, currentPhase: upkeep}
[tutorial] next discard -> status-tokens
[tutorial] consoleWarn=[TutorialSystem] afterEvents called: {active: true, stepId: advance, advanceOnEvents: Proxy(Array), eventTypes: Array(1)}
[tutorial] consoleWarn=[TutorialSystem] shouldAdvance returned false
[tutorial] consoleWarn=[useTutorialBridge] tutorial state changed from stepIndex=8 stepId=status to stepIndex=9 stepId=advance
[tutorial] consoleWarn=[DiceThroneBoard] Tutorial state: {stepId: advance, isActive: true, currentPhase: upkeep}
[tutorial] next status-tokens -> advance
[tutorial] before-advance step=advance
[tutorial] consoleWarn=[DiceThroneBoard] handleAdvancePhase called {canAdvancePhase: true, currentPhase: upkeep, isTutorialActive: true, tutorialStepId: advance}
[tutorial] consoleWarn=[DiceThroneBoard] Calling engineMoves.advancePhase()
[tutorial] consoleWarn=[TutorialSystem] afterEvents called: {active: true, stepId: advance, advanceOnEvents: Proxy(Array), eventTypes: Array(1)}
[tutorial] consoleWarn=[TutorialSystem] shouldAdvance check: {result: true, eventTypes: Array(1), advanceOnEvents: Proxy(Array)}
[tutorial] consoleWarn=[TutorialSystem] advancing step
[tutorial] consoleWarn=[TutorialSystem] afterEvents called: {active: true, stepId: dice-roll, advanceOnEvents: Proxy(Array), eventTypes: Array(1)}
[tutorial] consoleWarn=[TutorialSystem] shouldAdvance returned false
[tutorial] consoleWarn=[useTutorialBridge] tutorial state changed from stepIndex=9 stepId=advance to stepIndex=11 stepId=dice
[tutorial] consoleWarn=[DiceThroneBoard] Tutorial state: {stepId: advance, isActive: true, currentPhase: main1}
[tutorial] consoleWarn=[DiceThroneBoard] Tutorial state: {stepId: dice-roll, isActive: true, currentPhase: main1}
[tutorial] dice-tray step=dice-roll
[tutorial] consoleWarn=[TutorialSystem] afterEvents called: {active: true, stepId: dice-roll, advanceOnEvents: Proxy(Array), eventTypes: Array(0)}
[tutorial] consoleWarn=[TutorialSystem] shouldAdvance returned false
[tutorial] highlighted slot visible: [33mfalse[39m
[tutorial] no highlighted slot, proceeding without clicking
[tutorial] page closed
  鉁? 1 [chromium] 鈥?e2e\dicethrone.e2e.ts:373:5 鈥?DiceThrone E2E 鈥?Tutorial completes the full flow (main1 -> offensive -> defense -> finish) (25.5s)


  1) [chromium] 鈥?e2e\dicethrone.e2e.ts:373:5 鈥?DiceThrone E2E 鈥?Tutorial completes the full flow (main1 -> offensive -> defense -> finish) 

    TimeoutError: page.waitForFunction: Timeout 15000ms exceeded.

      191 |
      192 | const waitForTutorialStep = async (page: Page, stepId: string, timeout = 15000) => {
    > 193 |     await page.waitForFunction(
          |                ^
      194 |         (target) => {
      195 |             const el = document.querySelector('[data-tutorial-step]');
      196 |             return el && el.getAttribute('data-tutorial-step') === target;
        at waitForTutorialStep (D:\gongzuo\web\BordGame\e2e\dicethrone.e2e.ts:193:16)
        at D:\gongzuo\web\BordGame\e2e\dicethrone.e2e.ts:513:15

    attachment #1: screenshot (image/png) 鈹€鈹€鈹€鈹€鈹€鈹€鈹€鈹€鈹€鈹€鈹€鈹€鈹€鈹€鈹€鈹€鈹€鈹€鈹€鈹€鈹€鈹€鈹€鈹€鈹€鈹€鈹€鈹€鈹€鈹€鈹€鈹€鈹€鈹€鈹€鈹€鈹€鈹€鈹€鈹€鈹€鈹€鈹€鈹€鈹€鈹€鈹€鈹€鈹€鈹€鈹€鈹€鈹€鈹€鈹€鈹€鈹€鈹€
    test-results\dicethrone.e2e.ts-DiceThro-c88a2-fensive---defense---finish--chromium\test-failed-1.png
    鈹€鈹€鈹€鈹€鈹€鈹€鈹€鈹€鈹€鈹€鈹€鈹€鈹€鈹€鈹€鈹€鈹€鈹€鈹€鈹€鈹€鈹€鈹€鈹€鈹€鈹€鈹€鈹€鈹€鈹€鈹€鈹€鈹€鈹€鈹€鈹€鈹€鈹€鈹€鈹€鈹€鈹€鈹€鈹€鈹€鈹€鈹€鈹€鈹€鈹€鈹€鈹€鈹€鈹€鈹€鈹€鈹€鈹€鈹€鈹€鈹€鈹€鈹€鈹€鈹€鈹€鈹€鈹€鈹€鈹€鈹€鈹€鈹€鈹€鈹€鈹€鈹€鈹€鈹€鈹€鈹€鈹€鈹€鈹€鈹€鈹€鈹€鈹€鈹€鈹€鈹€鈹€鈹€鈹€鈹€鈹€

    Error Context: test-results\dicethrone.e2e.ts-DiceThro-c88a2-fensive---defense---finish--chromium\error-context.md

  1 failed
    [chromium] 鈥?e2e\dicethrone.e2e.ts:373:5 鈥?DiceThrone E2E 鈥?Tutorial completes the full flow (main1 -> offensive -> defense -> finish) 
